// Jest Snapshot v1, https://goo.gl/fbAQLP

exports[`<Signup /> with no props should match the snapshot 1`] = `"<div class=\\"auth-inner container-fluid\\"><form id=\\"myForm\\"><div><center><h3>Welcome to Team AAAA&#x27;s webapp</h3><p>Please Signup with your credentials</p></center><hr/></div><br/><div class=\\"alert alert-warning display-linebreak\\" style=\\"display:none\\"><div class=\\"display-linebreak\\" style=\\"white-space:pre-line\\"></div></div><div class=\\"form-group\\"><label>Name*</label><input type=\\"text\\" class=\\"form-control\\" placeholder=\\"Name\\"/></div><div class=\\"row\\"><div class=\\"col\\"><div class=\\"form-group\\"><label>Username</label><input type=\\"text\\" class=\\"form-control\\" placeholder=\\"Enter username\\"/></div></div><div class=\\"col\\"><div class=\\"form-group\\"><label>Password</label><input type=\\"password\\" class=\\"form-control\\" placeholder=\\"Enter password\\"/></div></div></div><div class=\\"form-group\\"><label>Contact Number*</label><input type=\\"text\\" class=\\"form-control\\" placeholder=\\"Enter your contact Number\\"/></div><hr/><div class=\\"row\\"><div class=\\"col\\"><div class=\\"form-group\\"><p><strong>Permanent Address</strong>*</p></div><div><div class=\\"form-group\\"><label>Address Line1*</label><input type=\\"text\\" class=\\"form-control\\" placeholder=\\"Enter House No., Road No.\\"/></div><div class=\\"form-group\\"><label>Address Line2*</label><input type=\\"text\\" class=\\"form-control\\" placeholder=\\"Enter Area, Landmark\\"/></div><div class=\\"form-group\\"><label>City*</label><input type=\\"text\\" class=\\"form-control\\" placeholder=\\"Enter City\\"/></div><div class=\\"form-group\\"><label>State*</label><input type=\\"text\\" class=\\"form-control\\" placeholder=\\"Enter State\\"/></div><div class=\\"form-group\\"><label>Pincode*</label><input type=\\"text\\" class=\\"form-control\\" placeholder=\\"Enter your Pincode\\"/></div></div></div><div class=\\"col\\"><div class=\\"form-group\\"><p><strong>Current Address</strong></p></div><div><div class=\\"form-group\\"><label>Address Line1</label><input type=\\"text\\" class=\\"form-control\\" placeholder=\\"Enter House No., Road No.\\"/></div><div class=\\"form-group\\"><label>Address Line2</label><input type=\\"text\\" class=\\"form-control\\" placeholder=\\"Enter Area, Landmark\\"/></div><div class=\\"form-group\\"><label>City</label><input type=\\"text\\" class=\\"form-control\\" placeholder=\\"Enter City\\"/></div><div class=\\"form-group\\"><label>State</label><input type=\\"text\\" class=\\"form-control\\" placeholder=\\"Enter State\\"/></div><div class=\\"form-group\\"><label>Pincode</label><input type=\\"text\\" class=\\"form-control\\" placeholder=\\"Enter your Pincode\\"/></div></div></div></div><hr/><div class=\\"form-group\\"><label>Vaccination Status</label><select type=\\"number\\" class=\\"form-control\\"><option selected=\\"\\" value=\\"true\\">YES</option><option value=\\"false\\">NO</option></select></div><div class=\\"form-group\\"><div class=\\"form-group\\"><label>Skills*</label><input type=\\"text\\" class=\\"form-control\\" placeholder=\\"Add atleast 2 skills\\"/></div></div><button type=\\"submit\\" class=\\"btn btn-primary btn-block\\">Sign Up</button><p class=\\"forgot-password text-right\\">Already registered? <a href=\\"/login\\">Log in</a></p></form></div>"`;
